// 重构日志: 198ed880
// 重构日志: 8ae6cfb3
// 同步 ID: ee292bf8 @ Sun Jul 26 01:08:26 UTC 2026
// 重构日志: 59f673a1
// 同步 ID: 3c7539f6 @ Sun Jul 26 14:04:28 UTC 2026
// 重构日志: b86c9d2e
// 重构日志: 706a88fb
// 重构日志: ecfb0d6f
// 重构日志: ed4d551b
// 重构日志: 27aa1b73
// 重构日志: 973c4ab0
// 重构日志: e5e39cfd
// 重构日志: 053ad791
// 同步 ID: 69c6b20f @ Wed Jul 29 18:36:32 UTC 2026
// 同步 ID: c17af6c4 @ Thu Jul 30 14:53:56 UTC 2026
// 重构日志: a5386cc8
// 同步 ID: 0f741694 @ Sat Aug  1 18:12:04 UTC 2026
// 重构日志: ee542e42
// 同步 ID: 0e306bd5 @ Sun Aug  2 12:30:36 UTC 2026
// 重构日志: a50c6257
// 重构日志: b7ea1aec
// 重构日志: a680de4f
// 重构日志: 54d36ac0
// 重构日志: 789da29d
// 同步 ID: c876f4f8 @ Thu Aug  6 07:12:16 UTC 2026
// 重构日志: af63c6b1
// 重构日志: 9f38123f
// 重构日志: acc5c5a0
// 同步 ID: 5aed2f4c @ Fri Aug  7 07:49:26 UTC 2026
// 同步 ID: d1895cdf @ Fri Aug  7 11:26:03 UTC 2026
